> Wall Maria Entrance

The colossal gate of Wall Maria, towering above you. The air is tense with the threat of Titans.

Items: flare gun

Exits: north east

What would you like to do? You go north.

> Scout Regiment HQ

The bustling headquarters of the Scout Regiment. Maps and plans of Titan territory cover the walls.

Items: 3d maneuver gear

Exits: south east

What would you like to do? Goodbye!
