> Wall Maria Entrance

The colossal gate of Wall Maria, towering above you. The air is tense with the threat of Titans.

Items: flare gun

Exits: north east

What would you like to do? You go north.

> Scout Regiment HQ

The bustling headquarters of the Scout Regiment. Maps and plans of Titan territory cover the walls.

Items: 3d maneuver gear

Exits: south east

What would you like to do? You pick up the 3d maneuver gear.
What would you like to do? You go south.

> Wall Maria Entrance

The colossal gate of Wall Maria, towering above you. The air is tense with the threat of Titans.

Items: flare gun

Exits: north east

What would you like to do? You go east.

> Shiganshina District

The ruined district where it all began. Abandoned houses and the remnants of a battle linger.

Exits: north west

What would you like to do? You go north.

> Titan Forest

A dense forest, known for its massive trees. A perfect place for ambushes... or to be ambushed.

Exits: east south

What would you like to do? Inventory:
  3d maneuver gear
What would you like to do? You drop the 3d maneuver gear.
What would you like to do? > Titan Forest

A dense forest, known for its massive trees. A perfect place for ambushes... or to be ambushed.

Items: 3d maneuver gear

Exits: east south

What would you like to do? Goodbye!
