> Wall Maria Entrance

The colossal gate of Wall Maria, towering above you. The air is tense with the threat of Titans.

Items: flare gun

Exits: north east

What would you like to do? You go east.

> Shiganshina District

The ruined district where it all began. Abandoned houses and the remnants of a battle linger.

Exits: north west

What would you like to do? You go north.

> Titan Forest

A dense forest, known for its massive trees. A perfect place for ambushes... or to be ambushed.

Exits: east south

What would you like to do? You go east.

> Stohess District Underground

A labyrinth of underground tunnels beneath Stohess District. It's easy to get lost in the darkness.

Items: light crystal

Exits: west north

What would you like to do? You go north.

> Survey Corps Expedition Start

The starting point for many expeditions beyond the walls. The air is filled with a mix of hope and fear.

Exits: west south north

What would you like to do? You go north.

> Beast Titan's Lair

The ominous lair of the Beast Titan. The walls echo with the sounds of past battles and whispered secrets.

Exits: north

You have been defeated! Game over.

